[2026-09-02T06:32:27.233Z][INFO] Command-line: 'C:\\Program Files\\Unity\\Hub\\Editor\\6000.5.8f1\\Editor\\Data\\Resources\\PackageManager\\Server\\UnityPackageManager.exe' server -s 31932 --ipc-path Unity-Upm-31932 -l 2 --log-file 'C:\\DEV\\NTI\\2026-2027 Programmering\\TIA 2dshooter/Logs/upm.log'
[2026-09-02T06:32:27.295Z][INFO] IPC server started (IPC path=Unity-Upm-31932).
[2026-09-02T06:32:27.295Z][INFO] Hint: To connect to this UPM instance, launch Unity with the command-line parameter -upmIpcPath Upm-31932.
[2026-09-02T06:33:11.097Z][INFO] project:list-packages <-- Request received
params: {}
[2026-09-02T06:33:11.381Z][INFO] config:project:get-registries <-- Request received
params: {}
[2026-09-02T06:33:11.395Z][INFO] project:list-packages <-- Request received
params: {}
[2026-09-02T06:33:11.844Z][INFO] project:resolve-packages <-- Request received
params: {}
[2026-09-02T06:33:12.029Z][INFO] config:project:get-registries --> 200 (648 ms)
[2026-09-02T06:33:12.298Z][INFO] project:list-packages --> 200 (1201 ms)
[2026-09-02T06:33:12.323Z][INFO] project:list-packages --> 200 (928 ms)
[2026-09-02T06:33:14.073Z][WARN] Requested version [4.9.3] for package [com.unity.searcher] overridden by minimum version [4.9.5].
[2026-09-02T06:33:14.073Z][WARN] Requested version [1.8.14] for package [com.unity.burst] overridden by minimum version [1.8.30].
[2026-09-02T06:33:14.073Z][WARN] Requested version [3.2.0] for package [com.unity.test-framework.performance] overridden by minimum version [3.5.0].
[2026-09-02T06:33:14.074Z][INFO] project:resolve-packages --> 200 (2230 ms)
[2026-09-02T06:33:41.520Z][INFO] project:list-packages <-- Request received
params: {}
[2026-09-02T06:33:41.563Z][INFO] project:list-packages <-- Request received
params: {}
[2026-09-02T06:33:41.761Z][INFO] project:list-packages --> 200 (241 ms)
[2026-09-02T06:33:41.773Z][INFO] project:list-packages --> 200 (210 ms)
[2026-09-02T06:33:44.179Z][INFO] project:list-packages <-- Request received
params: {}
[2026-09-02T06:33:44.380Z][INFO] project:list-packages --> 200 (201 ms)
[2026-09-02T06:33:44.406Z][INFO] config:project:get-registries <-- Request received
params: {}
[2026-09-02T06:33:44.411Z][INFO] config:project:get-registries --> 200 (5 ms)
[2026-09-02T06:33:49.853Z][INFO] project:list-packages <-- Request received
params: {}
[2026-09-02T06:33:50.028Z][INFO] project:list-packages --> 200 (176 ms)
[2026-09-02T06:33:51.148Z][INFO] project:list-packages <-- Request received
params: {}
[2026-09-02T06:33:51.295Z][INFO] project:list-packages --> 200 (147 ms)
[2026-09-02T06:33:57.165Z][INFO] project:list-packages <-- Request received
params: {}
[2026-09-02T06:33:58.837Z][INFO] project:list-packages --> 200 (1672 ms)
[2026-09-02T06:45:27.086Z][INFO] packages:get-all-packageinfo <-- Request received
params: {}
[2026-09-02T06:45:27.097Z][INFO] packages:get-all-packageinfo <-- Request received
params: {}
[2026-09-02T06:45:27.112Z][INFO] project:list-packages <-- Request received
params: {}
[2026-09-02T06:45:27.122Z][INFO] packages:get-all-packageinfo <-- Request received
params: {}
[2026-09-02T06:45:27.137Z][INFO] packages:get-all-packageinfo <-- Request received
params: {}
[2026-09-02T06:45:27.152Z][INFO] project:list-packages <-- Request received
params: {}
[2026-09-02T06:45:29.064Z][INFO] packages:get-all-packageinfo --> 200 (1967 ms)
[2026-09-02T06:45:29.199Z][INFO] packages:get-all-packageinfo --> 200 (2062 ms)
[2026-09-02T06:45:29.739Z][INFO] project:list-packages <-- Request received
params: {}
[2026-09-02T06:45:29.950Z][INFO] packages:get-packageinfo <-- Request received
params: {
  "packageId": "com.unity.addressables@2.9.1"
}
[2026-09-02T06:45:29.972Z][INFO] packages:get-packageinfo <-- Request received
params: {
  "packageId": "com.unity.ads.ios-support@1.0.1"
}
[2026-09-02T06:45:29.973Z][INFO] packages:get-packageinfo <-- Request received
params: {
  "packageId": "com.unity.learn.iet-framework@5.0.4"
}
[2026-09-02T06:45:29.993Z][INFO] packages:get-packageinfo <-- Request received
params: {
  "packageId": "com.unity.learn.iet-framework.authoring@1.5.4"
}
[2026-09-02T06:45:30.047Z][INFO] packages:get-packageinfo <-- Request received
params: {
  "packageId": "com.unity.project-auditor-rules@1.0.3"
}
[2026-09-02T06:45:30.047Z][INFO] packages:get-packageinfo <-- Request received
params: {
  "packageId": "com.unity.scriptablebuildpipeline@2.6.2"
}
[2026-09-02T06:45:30.105Z][INFO] packages:get-packageinfo <-- Request received
params: {
  "packageId": "com.unity.services.friends@1.1.1"
}
[2026-09-02T06:45:30.106Z][INFO] packages:get-packageinfo <-- Request received
params: {
  "packageId": "com.unity.services.moderation@1.0.2"
}
[2026-09-02T06:45:30.106Z][INFO] packages:get-packageinfo <-- Request received
params: {
  "packageId": "com.unity.xr.androidxr-openxr@1.3.2"
}
[2026-09-02T06:45:30.107Z][INFO] packages:get-packageinfo <-- Request received
params: {
  "packageId": "com.unity.xr.arcore@6.5.0"
}
[2026-09-02T06:45:30.165Z][INFO] packages:get-packageinfo <-- Request received
params: {
  "packageId": "com.unity.xr.arfoundation@6.5.0"
}
[2026-09-02T06:45:30.165Z][INFO] packages:get-packageinfo <-- Request received
params: {
  "packageId": "com.unity.xr.arkit@6.5.0"
}
[2026-09-02T06:45:30.166Z][INFO] packages:get-packageinfo <-- Request received
params: {
  "packageId": "com.unity.xr.hands@1.8.1"
}
[2026-09-02T06:45:30.166Z][INFO] packages:get-packageinfo <-- Request received
params: {
  "packageId": "com.unity.xr.interaction.toolkit@3.5.1"
}
[2026-09-02T06:45:30.167Z][INFO] packages:get-packageinfo <-- Request received
params: {
  "packageId": "com.unity.xr.management@4.5.4"
}
[2026-09-02T06:45:30.214Z][INFO] packages:get-packageinfo <-- Request received
params: {
  "packageId": "com.unity.xr.meta-openxr@2.5.1"
}
[2026-09-02T06:45:30.215Z][INFO] packages:get-packageinfo <-- Request received
params: {
  "packageId": "com.unity.xr.openxr@1.17.1"
}
[2026-09-02T06:45:30.582Z][INFO] packages:get-packageinfo --> 200 (477 ms)
[2026-09-02T06:45:30.582Z][INFO] packages:get-packageinfo --> 200 (476 ms)
[2026-09-02T06:45:30.590Z][INFO] project:list-packages --> 200 (3479 ms)
[2026-09-02T06:45:30.591Z][INFO] project:list-packages --> 200 (3439 ms)
[2026-09-02T06:45:30.746Z][INFO] project:list-packages --> 200 (1007 ms)
[2026-09-02T06:45:31.028Z][INFO] packages:get-packageinfo --> 200 (1056 ms)
[2026-09-02T06:45:31.672Z][INFO] packages:get-packageinfo --> 200 (1679 ms)
[2026-09-02T06:45:31.701Z][INFO] packages:get-packageinfo --> 200 (1751 ms)
[2026-09-02T06:45:31.765Z][INFO] packages:get-packageinfo --> 200 (1792 ms)
[2026-09-02T06:45:31.799Z][INFO] packages:get-packageinfo --> 200 (1752 ms)
[2026-09-02T06:45:32.001Z][INFO] packages:get-packageinfo --> 200 (1954 ms)
[2026-09-02T06:45:32.098Z][INFO] packages:get-packageinfo --> 200 (1992 ms)
[2026-09-02T06:45:32.151Z][INFO] packages:get-packageinfo --> 200 (1985 ms)
[2026-09-02T06:45:32.154Z][INFO] packages:get-packageinfo --> 200 (1987 ms)
[2026-09-02T06:45:32.155Z][INFO] packages:get-packageinfo --> 200 (1941 ms)
[2026-09-02T06:45:32.227Z][INFO] packages:get-packageinfo --> 200 (2012 ms)
[2026-09-02T06:45:32.244Z][INFO] packages:get-packageinfo --> 200 (2078 ms)
[2026-09-02T06:45:32.325Z][INFO] packages:get-packageinfo --> 200 (2160 ms)
[2026-09-02T06:45:32.384Z][INFO] packages:get-packageinfo --> 200 (2277 ms)
[2026-09-02T06:45:32.403Z][INFO] packages:get-packageinfo --> 200 (2238 ms)
[2026-09-02T06:45:32.416Z][INFO] packages:get-all-packageinfo --> 200 (5330 ms)
[2026-09-02T06:45:32.433Z][INFO] packages:get-all-packageinfo --> 200 (5312 ms)
[2026-09-02T06:45:32.670Z][INFO] packages:get-packageinfo <-- Request received
params: {
  "packageId": "com.unity.xr.arcore@6.5.1"
}
[2026-09-02T06:45:32.684Z][INFO] packages:get-packageinfo <-- Request received
params: {
  "packageId": "com.unity.xr.arfoundation@6.5.1"
}
[2026-09-02T06:45:32.698Z][INFO] packages:get-packageinfo <-- Request received
params: {
  "packageId": "com.unity.xr.arkit@6.5.1"
}
[2026-09-02T06:45:32.727Z][INFO] packages:get-packageinfo --> 200 (57 ms)
[2026-09-02T06:45:32.741Z][INFO] packages:get-packageinfo --> 200 (57 ms)
[2026-09-02T06:45:32.750Z][INFO] packages:get-packageinfo --> 200 (52 ms)
[2026-09-02T06:50:27.866Z][INFO] project:list-packages <-- Request received
params: {}
[2026-09-02T06:50:28.210Z][INFO] project:list-packages --> 200 (344 ms)
[2026-09-02T06:50:28.716Z][INFO] project:list-packages <-- Request received
params: {}
[2026-09-02T06:50:29.070Z][INFO] project:list-packages --> 200 (354 ms)
[2026-09-02T06:50:29.162Z][INFO] config:project:get-registries <-- Request received
params: {}
[2026-09-02T06:50:29.171Z][INFO] config:project:get-registries --> 200 (9 ms)
